
Server arguments:
  --memory-size 1073741824
  --shared-postfix cc13ed0f4855ae4f5477f0ef9e7797cf
  --working-directory Library/DataStore
  --silent-console
  --shutdown-grace 0
  --client-process-check 0
  --uds-log-file C:/Users/ARA/Documents/GitHub/Grass-Cutting-Simulator/Grass Cutting Simulator/Logs/UDS-Service.log
  --debug-log 2
  -name
  Unity.DataStore

Initialising UDS system complete:
  - System type: Service
  - Resource namespace: cc13ed0f4855ae4f5477f0ef9e7797cf
  - Shared memory size: 1073741824
  - Command buffer id: 1052576
  - Command buffer size: 8192
  - Hashmap size: 4194304
Starting Unity Data Store Application
[Error] Failed to remove data for hash 1acd7550a31444442fbfff3228452172. Failure received from service
0x00007ff7ce88c665 (Unity.DataStore) uds_wait_handle_complete
0x00007ff7ce84fe85 (Unity.DataStore) uds_cleanup
0x00007ff7ce83ee6f (Unity.DataStore) 
0x00007ff7ce8400bd (Unity.DataStore) 
0x00007ff7ce827395 (Unity.DataStore) 
0x00007ff7ce82681a (Unity.DataStore) 
0x00007ff7ce826aff (Unity.DataStore) 
0x00007ff7ce8228b5 (Unity.DataStore) 
0x00007ff7ce8a80e4 (Unity.DataStore) uds_wait_handle_complete
0x00007fff5c72cd87 (KERNEL32) BaseThreadInitThunk
0x00007fff5d4ecaec (ntdll) RtlUserThreadStart

Unity Data Store Application Complete
[Warning] Shutting down service while there are still connected clients, client count = 3
Shut down UDS service system complete
